2026-06-22 17:04:47,720 - Sikeres szinkronizáció a VPS-re.
2026-09-09 17:10:19,264 - SSH_PASS környezeti változó hiányzik, szinkronizáció megszakítva.
2026-09-09 17:10:19,275 - Adding job tentatively -- it will be properly scheduled when the scheduler starts
2026-09-09 17:10:19,281 - Added job "sync_memory" to job store "default"
2026-09-09 17:10:19,281 - Scheduler started
2026-09-09 17:15:19,284 - Running job "sync_memory (trigger: interval[0:05:00], next run at: 2026-09-09 17:15:19 UTC)" (scheduled at 2026-09-09 17:15:19.275398+00:00)
2026-09-09 17:15:19,287 - SSH_PASS környezeti változó hiányzik, szinkronizáció megszakítva.
2026-09-09 17:15:19,288 - Job "sync_memory (trigger: interval[0:05:00], next run at: 2026-09-09 17:20:19 UTC)" executed successfully
2026-09-09 17:20:19,277 - Running job "sync_memory (trigger: interval[0:05:00], next run at: 2026-09-09 17:25:19 UTC)" (scheduled at 2026-09-09 17:20:19.275398+00:00)
2026-09-09 17:20:19,278 - SSH_PASS környezeti változó hiányzik, szinkronizáció megszakítva.
2026-09-09 17:20:19,278 - Job "sync_memory (trigger: interval[0:05:00], next run at: 2026-09-09 17:25:19 UTC)" executed successfully
2026-09-09 17:25:19,283 - Running job "sync_memory (trigger: interval[0:05:00], next run at: 2026-09-09 17:30:19 UTC)" (scheduled at 2026-09-09 17:25:19.275398+00:00)
2026-09-09 17:25:19,285 - SSH_PASS környezeti változó hiányzik, szinkronizáció megszakítva.
2026-09-09 17:25:19,285 - Job "sync_memory (trigger: interval[0:05:00], next run at: 2026-09-09 17:30:19 UTC)" executed successfully
2026-09-09 17:30:19,276 - Running job "sync_memory (trigger: interval[0:05:00], next run at: 2026-09-09 17:35:19 UTC)" (scheduled at 2026-09-09 17:30:19.275398+00:00)
2026-09-09 17:30:19,277 - SSH_PASS környezeti változó hiányzik, szinkronizáció megszakítva.
2026-09-09 17:30:19,277 - Job "sync_memory (trigger: interval[0:05:00], next run at: 2026-09-09 17:35:19 UTC)" executed successfully
2026-09-09 17:35:19,282 - Running job "sync_memory (trigger: interval[0:05:00], next run at: 2026-09-09 17:40:19 UTC)" (scheduled at 2026-09-09 17:35:19.275398+00:00)
2026-09-09 17:35:19,285 - SSH_PASS környezeti változó hiányzik, szinkronizáció megszakítva.
2026-09-09 17:35:19,285 - Job "sync_memory (trigger: interval[0:05:00], next run at: 2026-09-09 17:40:19 UTC)" executed successfully
